progress 10/395 drafted=142 failed=0
progress 20/395 drafted=152 failed=0
progress 30/395 drafted=162 failed=0
progress 40/395 drafted=172 failed=0
progress 50/395 drafted=182 failed=0
progress 60/395 drafted=192 failed=0
progress 70/395 drafted=202 failed=0
progress 80/395 drafted=212 failed=0
progress 90/395 drafted=222 failed=0
progress 100/395 drafted=232 failed=0
progress 110/395 drafted=242 failed=0
progress 120/395 drafted=252 failed=0
progress 130/395 drafted=262 failed=0
progress 140/395 drafted=272 failed=0
progress 150/395 drafted=282 failed=0
progress 160/395 drafted=292 failed=0
progress 170/395 drafted=302 failed=0
progress 180/395 drafted=312 failed=0
progress 190/395 drafted=322 failed=0
progress 200/395 drafted=332 failed=0
progress 210/395 drafted=342 failed=0
progress 220/395 drafted=352 failed=0
progress 230/395 drafted=362 failed=0
progress 240/395 drafted=372 failed=0
progress 250/395 drafted=382 failed=0
progress 260/395 drafted=392 failed=0
progress 270/395 drafted=402 failed=0
progress 280/395 drafted=412 failed=0
progress 290/395 drafted=422 failed=0
progress 300/395 drafted=432 failed=0
progress 310/395 drafted=442 failed=0
progress 320/395 drafted=452 failed=0
progress 330/395 drafted=462 failed=0
progress 340/395 drafted=472 failed=0
progress 350/395 drafted=482 failed=0
progress 360/395 drafted=492 failed=0
progress 370/395 drafted=502 failed=0
progress 380/395 drafted=512 failed=0
progress 390/395 drafted=522 failed=0
progress 395/395 drafted=527 failed=0
{
  "run_id": "20260908T194607+0700",
  "total_rows": 555,
  "attempted_scalar_drafts": 395,
  "drafted_rows": 527,
  "failed": [],
  "output": "data\\content\\review\\en_localization_drafts_machine.jsonl"
}
