th: starting 1600 cases
th: worker 1 ready; warmup=2.787s
th: progress 25/1600 pass=25
th: progress 50/1600 pass=50
th: progress 75/1600 pass=75
th: recycling worker 1 after 100 cases
th: progress 100/1600 pass=99
th: worker 2 ready; warmup=2.086s
th: progress 125/1600 pass=117
th: progress 150/1600 pass=136
th: progress 175/1600 pass=155
th: recycling worker 2 after 100 cases
th: progress 200/1600 pass=175
th: worker 3 ready; warmup=2.309s
th: progress 225/1600 pass=193
th: progress 250/1600 pass=215
th: progress 275/1600 pass=240
th: recycling worker 3 after 100 cases
th: progress 300/1600 pass=265
th: worker 4 ready; warmup=2.051s
th: progress 325/1600 pass=290
th: progress 350/1600 pass=311
th: progress 375/1600 pass=335
th: recycling worker 4 after 100 cases
th: progress 400/1600 pass=359
th: worker 5 ready; warmup=2.259s
th: progress 425/1600 pass=383
th: progress 450/1600 pass=408
th: progress 475/1600 pass=431
th: recycling worker 5 after 100 cases
th: progress 500/1600 pass=456
th: worker 6 ready; warmup=2.033s
th: progress 525/1600 pass=481
th: progress 550/1600 pass=500
th: progress 575/1600 pass=521
th: recycling worker 6 after 100 cases
th: progress 600/1600 pass=536
th: worker 7 ready; warmup=2.155s
th: progress 625/1600 pass=559
th: progress 650/1600 pass=583
th: progress 675/1600 pass=606
th: recycling worker 7 after 100 cases
th: progress 700/1600 pass=631
th: worker 8 ready; warmup=2.112s
th: progress 725/1600 pass=656
th: progress 750/1600 pass=677
th: progress 775/1600 pass=702
th: recycling worker 8 after 100 cases
th: progress 800/1600 pass=727
th: worker 9 ready; warmup=2.201s
th: progress 825/1600 pass=751
th: progress 850/1600 pass=775
th: progress 875/1600 pass=800
th: recycling worker 9 after 100 cases
th: progress 900/1600 pass=825
th: worker 10 ready; warmup=2.183s
th: progress 925/1600 pass=850
th: progress 950/1600 pass=875
th: progress 975/1600 pass=900
th: recycling worker 10 after 100 cases
th: progress 1000/1600 pass=925
th: worker 11 ready; warmup=2.078s
th: progress 1025/1600 pass=950
th: progress 1050/1600 pass=975
th: progress 1075/1600 pass=1000
th: recycling worker 11 after 100 cases
th: progress 1100/1600 pass=1025
th: worker 12 ready; warmup=2.056s
th: progress 1125/1600 pass=1050
th: progress 1150/1600 pass=1075
th: progress 1175/1600 pass=1100
th: recycling worker 12 after 100 cases
th: progress 1200/1600 pass=1125
th: worker 13 ready; warmup=1.684s
th: progress 1225/1600 pass=1150
th: progress 1250/1600 pass=1175
th: progress 1275/1600 pass=1200
th: recycling worker 13 after 100 cases
th: progress 1300/1600 pass=1225
th: worker 14 ready; warmup=2.001s
th: progress 1325/1600 pass=1250
th: progress 1350/1600 pass=1271
th: progress 1375/1600 pass=1294
th: recycling worker 14 after 100 cases
th: progress 1400/1600 pass=1316
th: worker 15 ready; warmup=2.043s
th: progress 1425/1600 pass=1338
th: progress 1450/1600 pass=1361
th: progress 1475/1600 pass=1384
th: recycling worker 15 after 100 cases
th: progress 1500/1600 pass=1406
th: worker 16 ready; warmup=1.829s
th: progress 1525/1600 pass=1427
th: progress 1550/1600 pass=1449
th: progress 1575/1600 pass=1472
th: recycling worker 16 after 100 cases
th: progress 1600/1600 pass=1494
en: starting 1600 cases
en: worker 1 ready; warmup=2.115s
en: progress 25/1600 pass=25
en: progress 50/1600 pass=50
en: progress 75/1600 pass=75
en: recycling worker 1 after 100 cases
en: progress 100/1600 pass=100
en: worker 2 ready; warmup=2.241s
en: progress 125/1600 pass=125
en: progress 150/1600 pass=150
en: progress 175/1600 pass=175
en: recycling worker 2 after 100 cases
en: progress 200/1600 pass=200
en: worker 3 ready; warmup=2.085s
en: progress 225/1600 pass=225
en: progress 250/1600 pass=250
en: progress 275/1600 pass=275
en: recycling worker 3 after 100 cases
en: progress 300/1600 pass=300
en: worker 4 ready; warmup=2.168s
en: progress 325/1600 pass=325
en: progress 350/1600 pass=350
en: progress 375/1600 pass=375
en: recycling worker 4 after 100 cases
en: progress 400/1600 pass=400
en: worker 5 ready; warmup=2.279s
en: progress 425/1600 pass=425
en: progress 450/1600 pass=450
en: progress 475/1600 pass=475
en: recycling worker 5 after 100 cases
en: progress 500/1600 pass=489
en: worker 6 ready; warmup=1.648s
en: progress 525/1600 pass=491
en: progress 550/1600 pass=507
en: progress 575/1600 pass=531
en: recycling worker 6 after 100 cases
en: progress 600/1600 pass=556
en: worker 7 ready; warmup=2.245s
en: progress 625/1600 pass=579
en: progress 650/1600 pass=604
en: progress 675/1600 pass=627
en: recycling worker 7 after 100 cases
en: progress 700/1600 pass=651
en: worker 8 ready; warmup=2.313s
en: progress 725/1600 pass=676
en: progress 750/1600 pass=701
en: progress 775/1600 pass=726
en: recycling worker 8 after 100 cases
en: progress 800/1600 pass=751
en: worker 9 ready; warmup=2.179s
en: progress 825/1600 pass=775
en: progress 850/1600 pass=799
en: progress 875/1600 pass=824
en: recycling worker 9 after 100 cases
en: progress 900/1600 pass=847
en: worker 10 ready; warmup=2.228s
en: progress 925/1600 pass=871
en: progress 950/1600 pass=896
en: progress 975/1600 pass=919
en: recycling worker 10 after 100 cases
en: progress 1000/1600 pass=944
en: worker 11 ready; warmup=1.784s
en: progress 1025/1600 pass=969
en: progress 1050/1600 pass=994
en: progress 1075/1600 pass=1019
en: recycling worker 11 after 100 cases
en: progress 1100/1600 pass=1044
en: worker 12 ready; warmup=1.621s
en: progress 1125/1600 pass=1069
en: progress 1150/1600 pass=1094
en: progress 1175/1600 pass=1119
en: recycling worker 12 after 100 cases
en: progress 1200/1600 pass=1144
en: worker 13 ready; warmup=1.757s
en: progress 1225/1600 pass=1169
en: progress 1250/1600 pass=1176
en: progress 1275/1600 pass=1197
en: recycling worker 13 after 100 cases
en: progress 1300/1600 pass=1222
en: worker 14 ready; warmup=2.317s
en: progress 1325/1600 pass=1246
en: progress 1350/1600 pass=1261
en: progress 1375/1600 pass=1277
en: recycling worker 14 after 100 cases
en: progress 1400/1600 pass=1295
en: worker 15 ready; warmup=1.842s
en: progress 1425/1600 pass=1311
en: progress 1450/1600 pass=1326
en: progress 1475/1600 pass=1343
en: recycling worker 15 after 100 cases
en: progress 1500/1600 pass=1358
en: worker 16 ready; warmup=1.713s
en: progress 1525/1600 pass=1375
en: progress 1550/1600 pass=1391
en: progress 1575/1600 pass=1409
en: recycling worker 16 after 100 cases
en: progress 1600/1600 pass=1425
{
  "finished_at": "2026-09-16T16:55:31.955862+07:00",
  "suites": {
    "th": {
      "total": 1600,
      "completed": 1600,
      "strict_pass": 1494,
      "strict_pass_rate": 0.93375,
      "status_counts": {
        "completed": 1600
      },
      "mode_counts": {
        "pipeline:deterministic_calculator_fast": 228,
        "pipeline:structured_service_fee_by_game": 30,
        "pipeline:ambiguity_clarification": 60,
        "pipeline:structured_service_game_availability": 181,
        "pipeline:structured_game_detail": 84,
        "pipeline:structured_game_controls": 327,
        "pipeline:structured_games_catalog": 6,
        "pipeline:structured_game_zone_ranking": 1,
        "pipeline:semantic_rag_dynamic": 20,
        "pipeline:structured_games_genre_list": 2,
        "pipeline:structured_games_family": 3,
        "pipeline:game_control_missing_game_context": 11,
        "pipeline:structured_equipment_catalog": 8,
        "pipeline:structured_equipment_item": 48,
        "pipeline:structured_reservation_fact": 10,
        "pipeline:structured_booking_selection": 3,
        "pipeline:booking_howto_fast_path": 1,
        "pipeline:booking_fast_path": 1,
        "pipeline:checkin_fast_path": 1,
        "pipeline:mixed_reservation_fast": 1,
        "pipeline:rag_direct_curated": 1,
        "pipeline:structured_schedule": 10,
        "pipeline:calendar_schedule_fast_path": 2,
        "pipeline:calendar_upcoming_holidays_fast_path": 1,
        "pipeline:structured_members_group_list": 4,
        "pipeline:structured_members_group_count": 2,
        "pipeline:structured_members_person_lookup": 25,
        "pipeline:structured_members_role_lookup": 32,
        "pipeline:competition_fact_card": 39,
        "pipeline:hybrid_guarded_rerank": 14,
        "pipeline:no_answer": 37,
        "pipeline:multi_question_splitter": 88,
        "pipeline:guard_no_answer": 5,
        "pipeline:games_known_unsupported_fast_path": 2,
        "pipeline:boundary_no_answer_sensitive": 1,
        "pipeline:freshness_live_source_required": 2,
        "pipeline:general_input_clarification": 1,
        "pipeline:structured_service_capacity": 6,
        "pipeline:structured_booking_game_service_selection": 40,
        "pipeline:structured_booking_game_family_clarification": 1,
        "pipeline:structured_service_game_availability_no_match": 4,
        "pipeline:structured_game_controls_no_current_game": 8,
        "pipeline:category_rule_fast_path": 1,
        "pipeline:rules_fast_path": 1,
        "pipeline:penalty_fast_path": 1,
        "pipeline:mixed_rules_fast": 1,
        "pipeline:studio_rules_overview_fast_path": 1,
        "pipeline:general_llm_direct": 242,
        "pipeline:general_llm_after_rag_miss": 2
      },
      "failure_types": {
        "category": 64,
        "missing": 35,
        "mode": 4,
        "missing_any": 43
      },
      "latency_sec": {
        "mean": 1.2118,
        "p50": 0.6844,
        "p95": 3.9921,
        "p99": 19.019,
        "max": 19.1042,
        "over_10s": 31,
        "over_20s": 0
      }
    },
    "en": {
      "total": 1600,
      "completed": 1600,
      "strict_pass": 1425,
      "strict_pass_rate": 0.890625,
      "status_counts": {
        "completed": 1600
      },
      "mode_counts": {
        "pipeline:structured_service_fee_en": 256,
        "pipeline:price_service_clarification_en": 3,
        "pipeline:structured_game_detail_en": 157,
        "pipeline:structured_game_availability_en": 135,
        "pipeline:games_unknown_target_en": 7,
        "pipeline:structured_games_count_en": 1,
        "pipeline:structured_games_catalog_en": 52,
        "pipeline:structured_games_multi_zone_en": 1,
        "pipeline:structured_game_controls_en": 323,
        "pipeline:game_controls_no_source_en": 9,
        "pipeline:english_no_answer": 113,
        "pipeline:structured_equipment_catalog_en": 20,
        "pipeline:structured_equipment_item_en": 48,
        "pipeline:rule_en": 65,
        "pipeline:structured_schedule_en": 15,
        "pipeline:structured_members_source_th": 55,
        "pipeline:member_role_not_found_en": 5,
        "pipeline:structured_competition_rules_en": 76,
        "pipeline:multi_question_splitter": 78,
        "pipeline:answer_contract_no_answer": 1,
        "pipeline:general_llm_direct": 154,
        "pipeline:general_rag_miss_llm_unavailable": 13,
        "pipeline:no_answer": 12,
        "pipeline:missing_english_localization": 1
      },
      "failure_types": {
        "thai_prose_leak": 55,
        "category": 120
      },
      "latency_sec": {
        "mean": 0.3519,
        "p50": 0.0202,
        "p95": 0.9245,
        "p99": 9.2369,
        "max": 12.0423,
        "over_10s": 16,
        "over_20s": 0
      }
    }
  },
  "comparison_limits": [
    "Thai and English corpora use their own existing answer contracts; strict-pass rates are not a translation-quality A/B score.",
    "English Shadow is machine-translated test input and not approved public English knowledge.",
    "This is serial in-process evaluation with no browser, HTTP queue, or concurrent-user latency."
  ]
}
