[1/1000] MB-0001-SF-001 pipeline:deterministic_calculator_fast 1.4665s score=100.0
[50/1000] MB-0080-SF-080 pipeline:structured_service_fee_by_game 0.5092s score=100.0
[100/1000] MB-0160-G-072 pipeline:structured_game_detail 0.7792s score=100.0
[150/1000] MB-0241-G-153 pipeline:structured_service_game_availability 0.2599s score=100.0
[200/1000] MB-0321-GC-075 pipeline:structured_game_controls 0.4405s score=100.0
[250/1000] MB-0401-GC-155 pipeline:game_control_missing_game_context 0.0731s score=100.0
[300/1000] MB-0482-S-003 pipeline:calendar_schedule_fast_path 1.1979s score=100.0
[350/1000] MB-0563-CR-027 pipeline:competition_fact_card 0.3199s score=100.0
[400/1000] MB-0645-ANA-019 pipeline:experimental_rag_no_context 0.1707s score=100.0
[450/1000] MB-0725-AG-067 pipeline:structured_service_game_availability 0.5967s score=100.0
[500/1000] MB-0806-AG-145 pipeline:structured_service_game_availability 0.4995s score=100.0
[550/1000] MB-0889-GC-183 pipeline:structured_game_controls 0.4444s score=100.0
[600/1000] MB-0969-GC-263 pipeline:structured_game_controls 0.5187s score=100.0
[650/1000] MB-1049-GC-343 pipeline:structured_game_controls 0.3362s score=100.0
[700/1000] MB-1131-SF-162 pipeline:deterministic_calculator_fast 0.2962s score=100.0
[750/1000] MB-1211-SF-242 pipeline:deterministic_calculator_fast 0.3858s score=100.0
[800/1000] MB-1291-C-055 pipeline:multi_question_splitter 0.6661s score=100.0
[850/1000] MB-1369-GL-044 pipeline:general_llm_disabled 0.2337s score=100.0
[900/1000] MB-1446-GL-121 pipeline:general_llm_disabled 0.4162s score=84.0
[950/1000] MB-1523-GL-198 pipeline:structured_equipment_catalog 0.8817s score=66.0
[1000/1000] MB-1600-GL-275 pipeline:general_llm_disabled 0.3296s score=84.0
[1/1000] MB-0001-SF-001 pipeline:deterministic_calculator_fast 1.3813s score=100.0
[50/1000] MB-0080-SF-080 pipeline:structured_service_fee_by_game 0.4255s score=100.0
[100/1000] MB-0160-G-072 pipeline:structured_game_detail 1.5864s score=100.0
[150/1000] MB-0241-G-153 pipeline:structured_service_game_availability 1.3626s score=100.0
[200/1000] MB-0321-GC-075 pipeline:structured_game_controls 0.387s score=100.0
[250/1000] MB-0401-GC-155 pipeline:game_control_missing_game_context 0.0635s score=100.0
[300/1000] MB-0482-S-003 pipeline:calendar_schedule_fast_path 1.0249s score=100.0
[350/1000] MB-0563-CR-027 pipeline:competition_fact_card 0.289s score=100.0
[400/1000] MB-0645-ANA-019 pipeline:experimental_rag_no_context 0.1528s score=100.0
[450/1000] MB-0725-AG-067 pipeline:structured_service_game_availability 1.3916s score=100.0
[500/1000] MB-0806-AG-145 pipeline:structured_service_game_availability 1.5034s score=100.0
[550/1000] MB-0889-GC-183 pipeline:structured_game_controls 0.4569s score=100.0
[600/1000] MB-0969-GC-263 pipeline:structured_game_controls 0.5669s score=100.0
[650/1000] MB-1049-GC-343 pipeline:structured_game_controls 0.3863s score=100.0
[700/1000] MB-1131-SF-162 pipeline:deterministic_calculator_fast 0.3008s score=100.0
[750/1000] MB-1211-SF-242 pipeline:deterministic_calculator_fast 0.3155s score=100.0
[800/1000] MB-1291-C-055 pipeline:multi_question_splitter 0.7439s score=100.0
[850/1000] MB-1369-GL-044 pipeline:general_llm_unavailable 0.2343s score=75.0
[900/1000] MB-1446-GL-121 pipeline:general_llm_unavailable 0.4119s score=59.0
[950/1000] MB-1523-GL-198 pipeline:structured_equipment_catalog 0.9289s score=66.0
[1000/1000] MB-1600-GL-275 pipeline:general_llm_fallback 1.9194s score=100.0
Saved benchmark report: reports\model_benchmark\20260804_typhoon_stratified1000_v2\REPORT.md
