Resuming no_llm: loaded 850 completed cases
[851/1000] MB-1371-GL-046 pipeline:general_llm_disabled 1.7825s score=100.0
[900/1000] MB-1446-GL-121 pipeline:no_answer 211.1518s score=56.0
[950/1000] MB-1523-GL-198 pipeline:structured_equipment_catalog 0.7747s score=66.0
[1000/1000] MB-1600-GL-275 pipeline:general_llm_disabled 0.4073s score=84.0
[1/1000] MB-0001-SF-001 pipeline:deterministic_calculator_fast 1.372s score=100.0
[50/1000] MB-0080-SF-080 pipeline:structured_service_fee_by_game 0.4003s score=100.0
[100/1000] MB-0160-G-072 pipeline:structured_game_detail 1.5372s score=100.0
[150/1000] MB-0241-G-153 pipeline:structured_service_game_availability 1.3384s score=100.0
[200/1000] MB-0321-GC-075 pipeline:structured_game_controls 0.3652s score=100.0
[250/1000] MB-0401-GC-155 pipeline:game_control_missing_game_context 0.0588s score=100.0
[300/1000] MB-0482-S-003 pipeline:calendar_schedule_fast_path 1.0164s score=100.0
[350/1000] MB-0563-CR-027 pipeline:competition_fact_card 0.2836s score=100.0
[400/1000] MB-0645-ANA-019 pipeline:experimental_rag_no_context 0.153s score=100.0
[450/1000] MB-0725-AG-067 pipeline:structured_service_game_availability 1.3728s score=100.0
[500/1000] MB-0806-AG-145 pipeline:structured_service_game_availability 1.317s score=100.0
[550/1000] MB-0889-GC-183 pipeline:structured_game_controls 0.4367s score=100.0
[600/1000] MB-0969-GC-263 pipeline:structured_game_controls 0.4532s score=100.0
[650/1000] MB-1049-GC-343 pipeline:structured_game_controls 0.3468s score=100.0
[700/1000] MB-1131-SF-162 pipeline:deterministic_calculator_fast 0.2871s score=100.0
[750/1000] MB-1211-SF-242 pipeline:deterministic_calculator_fast 0.3211s score=100.0
[800/1000] MB-1291-C-055 pipeline:multi_question_splitter 0.6433s score=100.0
[850/1000] MB-1369-GL-044 pipeline:general_llm_unavailable 0.2016s score=75.0
[900/1000] MB-1446-GL-121 pipeline:no_answer 222.6401s score=56.0
