th: starting 1600 cases
th: worker 1 ready; warmup=3.076s
th: progress 675/1600 pass=592
th: progress 700/1600 pass=617
th: progress 725/1600 pass=642
th: progress 750/1600 pass=665
th: recycling worker 1 after 100 cases
th: worker 2 ready; warmup=2.476s
th: progress 775/1600 pass=690
th: progress 800/1600 pass=712
th: progress 825/1600 pass=736
th: progress 850/1600 pass=760
th: recycling worker 2 after 100 cases
th: worker 3 ready; warmup=2.460s
th: progress 875/1600 pass=785
th: progress 900/1600 pass=810
th: progress 925/1600 pass=835
th: progress 950/1600 pass=860
th: recycling worker 3 after 100 cases
th: worker 4 ready; warmup=2.573s
th: progress 975/1600 pass=885
th: progress 1000/1600 pass=903
th: progress 1025/1600 pass=928
th: progress 1050/1600 pass=953
th: recycling worker 4 after 100 cases
th: worker 5 ready; warmup=2.464s
th: progress 1075/1600 pass=978
th: progress 1100/1600 pass=1003
th: progress 1125/1600 pass=1028
th: progress 1150/1600 pass=1053
th: recycling worker 5 after 100 cases
th: worker 6 ready; warmup=1.577s
th: progress 1175/1600 pass=1078
th: progress 1200/1600 pass=1103
th: progress 1225/1600 pass=1128
th: progress 1250/1600 pass=1153
th: recycling worker 6 after 100 cases
th: worker 7 ready; warmup=2.606s
th: progress 1275/1600 pass=1178
th: progress 1300/1600 pass=1203
th: progress 1325/1600 pass=1228
th: progress 1350/1600 pass=1251
th: recycling worker 7 after 100 cases
th: worker 8 ready; warmup=1.196s
th: progress 1375/1600 pass=1275
th: progress 1400/1600 pass=1298
th: progress 1425/1600 pass=1322
th: progress 1450/1600 pass=1346
th: recycling worker 8 after 100 cases
th: worker 9 ready; warmup=1.543s
th: progress 1475/1600 pass=1370
th: progress 1500/1600 pass=1391
th: progress 1525/1600 pass=1412
th: progress 1550/1600 pass=1434
th: recycling worker 9 after 100 cases
th: worker 10 ready; warmup=1.884s
th: progress 1575/1600 pass=1458
th: progress 1600/1600 pass=1480
en: starting 1600 cases
en: worker 1 ready; warmup=2.642s
en: progress 25/1600 pass=25
en: progress 50/1600 pass=50
en: progress 75/1600 pass=75
en: recycling worker 1 after 100 cases
en: progress 100/1600 pass=100
en: worker 2 ready; warmup=2.658s
en: progress 125/1600 pass=125
en: progress 150/1600 pass=150
en: progress 175/1600 pass=175
en: recycling worker 2 after 100 cases
en: progress 200/1600 pass=200
en: worker 3 ready; warmup=2.714s
en: progress 225/1600 pass=225
en: progress 250/1600 pass=250
en: progress 275/1600 pass=275
en: recycling worker 3 after 100 cases
en: progress 300/1600 pass=300
en: worker 4 ready; warmup=2.643s
en: progress 325/1600 pass=325
en: progress 350/1600 pass=350
en: progress 375/1600 pass=375
en: recycling worker 4 after 100 cases
en: progress 400/1600 pass=400
en: worker 5 ready; warmup=2.643s
en: progress 425/1600 pass=425
en: progress 450/1600 pass=450
en: progress 475/1600 pass=475
en: recycling worker 5 after 100 cases
en: progress 500/1600 pass=489
en: worker 6 ready; warmup=1.892s
en: progress 525/1600 pass=491
en: progress 550/1600 pass=507
en: progress 575/1600 pass=531
en: recycling worker 6 after 100 cases
en: progress 600/1600 pass=556
en: worker 7 ready; warmup=2.590s
en: progress 625/1600 pass=579
en: progress 650/1600 pass=604
en: progress 675/1600 pass=627
en: recycling worker 7 after 100 cases
en: progress 700/1600 pass=651
en: worker 8 ready; warmup=2.499s
en: progress 725/1600 pass=676
en: progress 750/1600 pass=698
en: progress 775/1600 pass=723
en: recycling worker 8 after 100 cases
en: progress 800/1600 pass=748
en: worker 9 ready; warmup=2.014s
en: progress 825/1600 pass=772
en: progress 850/1600 pass=796
en: progress 875/1600 pass=821
en: recycling worker 9 after 100 cases
en: progress 900/1600 pass=844
en: worker 10 ready; warmup=2.227s
en: progress 925/1600 pass=868
en: progress 950/1600 pass=893
en: progress 975/1600 pass=916
en: recycling worker 10 after 100 cases
en: progress 1000/1600 pass=941
en: worker 11 ready; warmup=1.578s
en: progress 1025/1600 pass=966
en: progress 1050/1600 pass=991
en: progress 1075/1600 pass=1016
en: recycling worker 11 after 100 cases
en: progress 1100/1600 pass=1041
en: worker 12 ready; warmup=1.565s
en: progress 1125/1600 pass=1066
en: progress 1150/1600 pass=1091
en: progress 1175/1600 pass=1116
en: recycling worker 12 after 100 cases
en: progress 1200/1600 pass=1141
en: worker 13 ready; warmup=1.580s
en: progress 1225/1600 pass=1166
en: progress 1250/1600 pass=1173
en: progress 1275/1600 pass=1194
en: recycling worker 13 after 100 cases
en: progress 1300/1600 pass=1219
en: worker 14 ready; warmup=2.573s
en: progress 1325/1600 pass=1243
en: progress 1350/1600 pass=1258
en: progress 1375/1600 pass=1274
en: recycling worker 14 after 100 cases
en: progress 1400/1600 pass=1292
en: worker 15 ready; warmup=1.618s
en: progress 1425/1600 pass=1308
en: progress 1450/1600 pass=1323
en: progress 1475/1600 pass=1340
en: recycling worker 15 after 100 cases
en: progress 1500/1600 pass=1355
en: worker 16 ready; warmup=1.645s
en: progress 1525/1600 pass=1372
en: progress 1550/1600 pass=1388
en: progress 1575/1600 pass=1406
en: recycling worker 16 after 100 cases
en: progress 1600/1600 pass=1422
{
  "finished_at": "2026-09-16T12:26:09.826812+07:00",
  "suites": {
    "th": {
      "total": 1600,
      "completed": 1598,
      "strict_pass": 1480,
      "strict_pass_rate": 0.925,
      "status_counts": {
        "completed": 1598,
        "worker_crash": 2
      },
      "mode_counts": {
        "pipeline:deterministic_calculator_fast": 228,
        "pipeline:structured_service_fee_by_game": 29,
        "pipeline:ambiguity_clarification": 73,
        "pipeline:structured_service_game_availability": 182,
        "pipeline:structured_game_detail": 90,
        "pipeline:structured_game_controls": 316,
        "pipeline:structured_games_catalog": 6,
        "pipeline:structured_game_zone_ranking": 1,
        "pipeline:semantic_rag_dynamic": 17,
        "pipeline:structured_games_genre_list": 2,
        "pipeline:structured_games_family": 3,
        "pipeline:game_control_missing_game_context": 11,
        "pipeline:structured_equipment_catalog": 8,
        "pipeline:structured_equipment_item": 47,
        "worker_crash": 2,
        "pipeline:structured_reservation_fact": 10,
        "pipeline:structured_booking_selection": 3,
        "pipeline:booking_howto_fast_path": 1,
        "pipeline:booking_fast_path": 1,
        "pipeline:checkin_fast_path": 1,
        "pipeline:mixed_reservation_fast": 1,
        "pipeline:rag_direct_curated": 1,
        "pipeline:structured_schedule": 10,
        "pipeline:calendar_schedule_fast_path": 2,
        "pipeline:calendar_upcoming_holidays_fast_path": 1,
        "pipeline:structured_members_group_list": 4,
        "pipeline:structured_members_group_count": 2,
        "pipeline:structured_members_person_lookup": 25,
        "pipeline:structured_members_role_lookup": 32,
        "pipeline:competition_fact_card": 31,
        "pipeline:no_answer": 35,
        "pipeline:hybrid_guarded_rerank": 10,
        "pipeline:multi_question_splitter": 88,
        "pipeline:guard_no_answer": 5,
        "pipeline:games_known_unsupported_fast_path": 2,
        "pipeline:boundary_no_answer_sensitive": 1,
        "pipeline:freshness_live_source_required": 2,
        "pipeline:general_input_clarification": 1,
        "pipeline:structured_service_capacity": 6,
        "pipeline:structured_booking_game_service_selection": 40,
        "pipeline:structured_booking_game_family_clarification": 1,
        "pipeline:structured_service_game_availability_no_match": 4,
        "pipeline:structured_game_controls_no_current_game": 8,
        "pipeline:category_rule_fast_path": 1,
        "pipeline:rules_fast_path": 1,
        "pipeline:penalty_fast_path": 1,
        "pipeline:mixed_rules_fast": 1,
        "pipeline:studio_rules_overview_fast_path": 1,
        "pipeline:general_llm_direct": 244,
        "pipeline:general_llm_after_rag_miss": 8
      },
      "failure_types": {
        "category": 91,
        "missing": 34,
        "missing_any": 41,
        "mode": 5,
        "validation": 2,
        "worker_crash": 2
      },
      "latency_sec": {
        "mean": 1.1359,
        "p50": 0.6241,
        "p95": 2.2478,
        "p99": 18.0021,
        "max": 21.2154,
        "over_10s": 30,
        "over_20s": 1
      }
    },
    "en": {
      "total": 1600,
      "completed": 1600,
      "strict_pass": 1422,
      "strict_pass_rate": 0.88875,
      "status_counts": {
        "completed": 1600
      },
      "mode_counts": {
        "pipeline:structured_service_fee_en": 256,
        "pipeline:price_service_clarification_en": 3,
        "pipeline:structured_game_detail_en": 157,
        "pipeline:structured_game_availability_en": 132,
        "pipeline:games_unknown_target_en": 7,
        "pipeline:structured_games_count_en": 1,
        "pipeline:structured_games_catalog_en": 52,
        "pipeline:structured_games_multi_zone_en": 1,
        "pipeline:structured_game_controls_en": 323,
        "pipeline:game_controls_no_source_en": 9,
        "pipeline:english_no_answer": 113,
        "pipeline:structured_equipment_catalog_en": 20,
        "pipeline:structured_equipment_item_en": 48,
        "pipeline:rule_en": 65,
        "pipeline:structured_schedule_en": 18,
        "pipeline:structured_members_source_th": 55,
        "pipeline:member_role_not_found_en": 5,
        "pipeline:structured_competition_rules_en": 76,
        "pipeline:multi_question_splitter": 78,
        "pipeline:answer_contract_no_answer": 1,
        "pipeline:general_llm_direct": 152,
        "pipeline:no_answer": 12,
        "pipeline:general_rag_miss_llm_unavailable": 15,
        "pipeline:missing_english_localization": 1
      },
      "failure_types": {
        "thai_prose_leak": 55,
        "category": 123
      },
      "latency_sec": {
        "mean": 0.3379,
        "p50": 0.0214,
        "p95": 0.9542,
        "p99": 8.3628,
        "max": 11.6697,
        "over_10s": 5,
        "over_20s": 0
      }
    }
  },
  "comparison_limits": [
    "Thai and English corpora use their own existing answer contracts; strict-pass rates are not a translation-quality A/B score.",
    "English Shadow is machine-translated test input and not approved public English knowledge.",
    "This is serial in-process evaluation with no browser, HTTP queue, or concurrent-user latency."
  ]
}
