[09/Sep/2026 14:24:27] "GET / HTTP/1.1" 200 -
[09/Sep/2026 14:25:48] "POST /api/chat HTTP/1.1" 200 -
[09/Sep/2026 14:25:53] "POST /api/chat HTTP/1.1" 200 -
[09/Sep/2026 14:25:54] "POST /api/chat HTTP/1.1" 200 -
[09/Sep/2026 14:25:55] "POST /api/chat HTTP/1.1" 200 -
[09/Sep/2026 14:43:16] "GET / HTTP/1.1" 200 -
[09/Sep/2026 14:43:16] "GET /styles.css HTTP/1.1" 200 -
[09/Sep/2026 14:43:16] "GET /app.js HTTP/1.1" 200 -
[09/Sep/2026 14:43:16] "GET /health HTTP/1.1" 200 -
[09/Sep/2026 14:43:16] "GET /favicon.ico HTTP/1.1" 404 -
[09/Sep/2026 15:28:26] "POST /api/chat HTTP/1.1" 200 -
[09/Sep/2026 15:28:29] "POST /api/chat HTTP/1.1" 200 -
[09/Sep/2026 15:28:32] "POST /api/chat HTTP/1.1" 200 -
[09/Sep/2026 15:28:39] "POST /api/chat HTTP/1.1" 200 -
[09/Sep/2026 15:28:58] "POST /api/chat HTTP/1.1" 200 -
[09/Sep/2026 15:29:06] "POST /api/chat HTTP/1.1" 200 -
[09/Sep/2026 15:37:29] "POST /api/chat HTTP/1.1" 200 -
[09/Sep/2026 15:37:58] "POST /api/chat HTTP/1.1" 200 -
[09/Sep/2026 15:38:08] "POST /api/chat HTTP/1.1" 200 -
[09/Sep/2026 16:54:45] "POST /api/chat HTTP/1.1" 200 -
[09/Sep/2026 16:54:56] "POST /api/chat HTTP/1.1" 200 -
[09/Sep/2026 16:55:38] "POST /api/chat HTTP/1.1" 200 -
